yarn run v1.22.22
$ node scripts/clean-next-build.mjs
node.exe : Could not remove .next because it is locked by another process. Continuing build without cleanup.
In C:\nvm4w\nodejs\yarn.ps1:16 Zeichen:5
+     & "$basedir/node$exe"  "$basedir/node_modules/yarn/bin/yarn.js" $ ...
+     ~~~~~~~~~~~~~~~~~~~~~~~~~~~~~~~~~~~~~~~~~~~~~~~~~~~~~~~~~~~~~~~~~
    + CategoryInfo          : NotSpecified: (Could not remov...ithout cleanup.:String) [], RemoteException
    + FullyQualifiedErrorId : NativeCommandError
 
$ next build
  Ôû▓ Next.js 14.2.33
  - Environments: .env
  - Experiments (use with caution):
    ┬À turbo

   Linting and checking validity of types ...
